[2026-08-16 20:58:13] === night runner 2 started; probing every 30 min ===
[2026-08-16 20:58:14] QUOTA OPEN
[2026-08-16 20:58:14] START mystery2 batch
[2026-08-16 20:58:15] DONE mystery2 batch (exit 1):
        ^^^^^^^^^^^^^^^^^^^^^^^^^^^^^^^^^^^^^^^^^^^^^^^^^^^^^^^^^^^^^^^^^^^^^
  File "/Users/jason.chletsos/Documents/GitHub/jason_chletsos_ebay_lots/post_from_scan.py", line 339, in post_card
    picture_url = upload_image(image_path, token, cfg)
                  ^^^^^^^^^^^^^^^^^^^^^^^^^^^^^^^^^^^^
  File "/Users/jason.chletsos/Documents/GitHub/jason_chletsos_ebay_lots/post_from_scan.py", line 118, in upload_image
    raise RuntimeError(f"Image upload failed:\n{body[:500]}")
RuntimeError: Image upload failed:
<?xml version="1.0" encoding="UTF-8"?><UploadSiteHostedPicturesResponse   xmlns="urn:ebay:apis:eBLBaseComponents">  <Timestamp>2026-08-17T00:58:15.493Z</Timestamp>  <Ack>Failure</Ack>  <Errors>    <ShortMessage>Call usage limit has been reached.</ShortMessage>    <LongMessage>Your application has exceeded usage limit on this call, please make call to GetAPIAccessRules to check your call usage.</LongMessage>    <ErrorCode>518</ErrorCode>    <SeverityCode>Error</SeverityCode>    <ErrorClassificati
[2026-08-16 20:58:15] START Bucky copy 2 (force)
[2026-08-16 20:58:16] DONE Bucky copy 2 (force) (exit 1):
        ^^^^^^^^^^^^^^^^^^^^^^^^^^^^^^^^^^^^^^^^^^^^^^^^^^^^^^^^^^^^^^^^^^^^^
  File "/Users/jason.chletsos/Documents/GitHub/jason_chletsos_ebay_lots/post_from_scan.py", line 339, in post_card
    picture_url = upload_image(image_path, token, cfg)
                  ^^^^^^^^^^^^^^^^^^^^^^^^^^^^^^^^^^^^
  File "/Users/jason.chletsos/Documents/GitHub/jason_chletsos_ebay_lots/post_from_scan.py", line 118, in upload_image
    raise RuntimeError(f"Image upload failed:\n{body[:500]}")
RuntimeError: Image upload failed:
<?xml version="1.0" encoding="UTF-8"?><UploadSiteHostedPicturesResponse   xmlns="urn:ebay:apis:eBLBaseComponents">  <Timestamp>2026-08-17T00:58:16.548Z</Timestamp>  <Ack>Failure</Ack>  <Errors>    <ShortMessage>Call usage limit has been reached.</ShortMessage>    <LongMessage>Your application has exceeded usage limit on this call, please make call to GetAPIAccessRules to check your call usage.</LongMessage>    <ErrorCode>518</ErrorCode>    <SeverityCode>Error</SeverityCode>    <ErrorClassificati
[2026-08-16 20:58:16] START orders backfill
[2026-08-16 20:58:17] DONE orders backfill (exit 1):
  Mark Messier (Orders Watch) reporting in.
  Getting eBay access token...
  Fetching all orders (last 30 days)...
  GetOrders error: [518] Call usage limit has been reached.
  Could not fetch orders (GetOrders failed: Call usage limit has been reached.).
  KEEPING last-known-good plan file; this run wrote nothing.
[2026-08-16 20:58:17] START description sweep (finish ~380)
[2026-08-16 20:58:18] DONE description sweep (finish ~380) (exit 0):
2876 active · 2743 already processed · 133 to scan · mode=APPLY
  [1/133] daily Trading API call limit reached — stopping; 133 items remain for the next run (limit resets midnight PT)

Done. {'fixed': 0, 'clean': 0, 'would_fix': 0, 'no_desc': 0, 'revise_failed': 0}
[2026-08-16 20:58:18] START digest
[2026-08-16 20:58:18] DONE digest (exit 0):
  Bob Murphy (Daily Digest) reporting in.
  Daily digest @ 2026-08-17 00:58 UTC
  Yesterday: $3.48 on 1 order(s)
  7-day: $174.74 | 30-day: $1,981.87
  Active: 2876 | Watchers: 0 | Offers pending: 0 | Msgs: 0
  TODO items: 1
  Wrote /Users/jason.chletsos/Documents/GitHub/jason_chletsos_ebay_lots/output/daily_digest.json
